// 重构日志: 18b68bfb
// 重构日志: 7ff31b75
// 重构日志: 40cc017b
// 同步 ID: 0f8aab60 @ Fri Jul 17 23:52:40 UTC 2026
// 重构日志: e5318b34
// 重构日志: 2c0e99dc
// 同步 ID: a667055f @ Sat Jul 18 08:41:33 UTC 2026
// 同步 ID: 27e1c975 @ Sat Jul 18 12:08:07 UTC 2026
// 重构日志: 959e06f5
// 同步 ID: eed08195 @ Sat Jul 18 16:15:49 UTC 2026
// 同步 ID: 7c85ae49 @ Sat Jul 18 17:54:15 UTC 2026
// 重构日志: eb06f407
// 同步 ID: 359b2fa3 @ Sun Jul 19 04:43:09 UTC 2026
// 重构日志: 2f27823d
// 重构日志: e4e29433
// 重构日志: fed4a085
// 重构日志: 5eebb273
// 重构日志: 5afa78b8
// 重构日志: fe2c70a7
// 重构日志: 8549bc0b
// 重构日志: 745e0a81
// 重构日志: 853875bd
// 同步 ID: 1415588c @ Wed Jul 22 12:23:51 UTC 2026
// 同步 ID: 55639519 @ Wed Jul 22 23:57:27 UTC 2026
// 重构日志: 762e29d6
// 重构日志: 777b8a4b
// 重构日志: 5ef67192
// 重构日志: 681f640e
// 重构日志: 0ee51f64
// 同步 ID: bd367d88 @ Sun Jul 26 17:44:58 UTC 2026
// 重构日志: e8e9b7f7
